GIT
error: failed to push some refs to 'https://github.com/karthikeyan456/devopsla.git'
karthikeyan@karthikeyan-VirtualBox:~/ansible$ git push origin master
Username for 'https://github.com': karthikeyan456
Password for 'https://karthikeyan456@github.com': 
remote: Support for password authentication was removed on August 13, 2021.
remote: Please see https://docs.github.com/get-started/getting-started-with-git/about-remote-repositories#cloning-with-https-urls for information on currently recommended modes of authentication.
fatal: Authentication failed for 'https://github.com/karthikeyan456/devopsla.git/'
karthikeyan@karthikeyan-VirtualBox:~/ansible$ ssh keygen
ssh: Could not resolve hostname keygen: Temporary failure in name resolution
karthikeyan@karthikeyan-VirtualBox:~/ansible$ ssh-keygen
Generating public/private rsa key pair.
Enter file in which to save the key (/home/karthikeyan/.ssh/id_rsa): 
/home/karthikeyan/.ssh/id_rsa already exists.
Overwrite (y/n)? y
Enter passphrase (empty for no passphrase): 
Enter same passphrase again: 
Your identification has been saved in /home/karthikeyan/.ssh/id_rsa
Your public key has been saved in /home/karthikeyan/.ssh/id_rsa.pub
The key fingerprint is:
SHA256:gYep79/YAD8g51yNH7x4UdEu6xAb137gC6nJdtkhpBY karthikeyan@karthikeyan-VirtualBox
The key's randomart image is:
+---[RSA 3072]----+
|            ..   |
|       +     ..  |
|      + o   .o   |
|     . . =E.+ +  |
|    o + S =O * . |
|     * = o=+= + .|
|      + =o+= = + |
|     .   B= + o  |
|      ..o.o.     |
+----[SHA256]-----+
karthikeyan@karthikeyan-VirtualBox:~/ansible$ ^C
karthikeyan@karthikeyan-VirtualBox:~/ansible$ ^C
karthikeyan@karthikeyan-VirtualBox:~/ansible$ git remote set-url origin "https://PAT@github.com/karthikeyan456/devopsla.git
> 
> "
karthikeyan@karthikeyan-VirtualBox:~/ansible$ git push origin master
karthikeyan@karthikeyan-VirtualBox:~/ansible$ git remote set-url origin "https://PA@github.com/karthikeyan456/devopsla.git" 
karthikeyan@karthikeyan-VirtualBox:~/ansible$ git push origin master
Enumerating objects: 6, done.
Counting objects: 100% (6/6), done.
Compressing objects: 100% (5/5), done.
Writing objects: 100% (6/6), 995 bytes | 497.00 KiB/s, done.
Total 6 (delta 0), reused 0 (delta 0), pack-reused 0
To https://github.com/karthikeyan456/devopsla.git
 * [new branch]      master -> master
karthikeyan@karthikeyan-VirtualBox:~/ansible$ ^C
karthikeyan@karthikeyan-VirtualBox:~/ansible$ 
